// Jest Snapshot v1, https://jestjs.io/docs/snapshot-testing

exports[`getImageProps composes consumer props with own props: onLayout 1`] = `[MockFunction Image#onLayout]`;

exports[`getImageProps composes consumer props with own props: style 1`] = `
[
  {
    "height": "50%",
    "width": "50%",
  },
  {
    "height": "100%",
    "width": "100%",
  },
]
`;

exports[`getViewProps composes consumer props with own props: hitSlop 1`] = `
{
  "bottom": 10,
  "left": 0,
  "right": 0,
  "top": 10,
}
`;

exports[`getViewProps composes consumer props with own props: style 1`] = `
[
  {
    "padding": 20,
  },
  {
    "aspectRatio": 1.3333333333333333,
  },
]
`;
